==== ku_action_bundle_args changed and defined
---- It requires the following initialization 
.........
---- It should fail 
...
---- It requires to reset side effect 
.......

==== ku_action_bundle_args changed and undefined
---- It requires the following initialization 
.........
---- It should fail 
...
---- It requires to reset side effect 
.......

==== ku_action_bundle_args unchanged and defined
---- It requires the following initialization 
.........
---- It should succeed 
.....
---- It requires to reset side effect 
.......

==== ku_action_bundle_args unchanged and undefined
---- It requires the following initialization 
.........
---- It should fail 
...
---- It requires to reset side effect 
.......

==== ku_action_bundle_args_x changed and defined
---- It requires the following initialization 
.........
---- It should succeed 
.....
---- It requires to reset side effect 
.......

==== ku_action_bundle_args_x changed and undefined
---- It requires the following initialization 
.........
---- It should fail 
...
---- It requires to reset side effect 
.......

==== ku_action_bundle_args_x unchanged and defined
---- It requires the following initialization 
.........
---- It should succeed 
.....
---- It requires to reset side effect 
.......

==== ku_action_bundle_args_x unchanged and undefined
---- It requires the following initialization 
.........
---- It should fail 
...
---- It requires to reset side effect 
.......

==== ku_action_bundle_load 

==== ku_action_bundle_load_x 



**** Result ****


158 examples, 0 failures
