===== let _ = ku#file#action_table('')
TEST: type(_)  ==>  type({}) ... ok
TEST: _  ==>  expected_action_table ... ok
Result: 2 / 2

===== let _ = ku#file#action_table('xyzzy')  " {ext} is not used.
TEST: type(_)  ==>  type({}) ... ok
TEST: _  ==>  expected_action_table ... ok
Result: 2 / 2

===== let _ = ku#file#available_sources()
TEST: type(_)  ==>  type([]) ... ok
TEST: _  ==>  ['file'] ... ok
Result: 2 / 2

===== let _ = ku#file#key_table('')
TEST: type(_)  ==>  type({}) ... ok
TEST: _  ==>  expected_key_table ... ok
Result: 2 / 2

===== let _ = ku#file#key_table('xyzzy')  " {ext} is not used.
TEST: type(_)  ==>  type({}) ... ok
TEST: _  ==>  expected_key_table ... ok
Result: 2 / 2

===== Total
Result: 10 / 10
