==== ku_action_buffer_delete with modified buffer
---- It requires the following initialization 

---- It should fail 
........
---- It requires to reset side effect 


==== ku_action_buffer_delete with unmodified buffer
---- It requires the following initialization 

---- It should succeed 
..........
---- It requires to reset side effect 


==== ku_action_buffer_open with modified buffer
---- It requires the following initialization 

---- It should fail 
........
---- It requires to reset side effect 


==== ku_action_buffer_open with unmodified buffer
---- It requires the following initialization 

---- It should succeed 
.........
---- It requires to reset side effect 


==== ku_action_buffer_open_x with modified buffer
---- It requires the following initialization 

---- It should succeed 
..........
---- It requires to reset side effect 


==== ku_action_buffer_open_x with unmodified buffer
---- It requires the following initialization 

---- It should succeed 
.........
---- It requires to reset side effect 


==== ku_action_buffer_unload with modified buffer
---- It requires the following initialization 

---- It should fail 
........
---- It requires to reset side effect 


==== ku_action_buffer_unload with unmodified buffer
---- It requires the following initialization 

---- It should succeed 
..........
---- It requires to reset side effect 


==== ku_action_buffer_wipeout with modified buffer
---- It requires the following initialization 

---- It should fail 
........
---- It requires to reset side effect 


==== ku_action_buffer_wipeout with unmodified buffer
---- It requires the following initialization 

---- It should succeed 
..........
---- It requires to reset side effect 




**** Result ****


90 examples, 0 failures
