==== ku_action_buffer_delete modified buffer
---- It requires the following initialization 

---- It should fail 
........
---- It requires to reset side effect 


==== ku_action_buffer_delete no ku buffer nr
---- It requires the following initialization 
...
---- It should succeed if there is a corresponding buffer 
.......
---- It should fail if there is not any corresponding buffer 
...
---- It requires to reset side effect 
...

==== ku_action_buffer_delete unmodified buffer
---- It requires the following initialization 

---- It should succeed 
..........
---- It requires to reset side effect 


==== ku_action_buffer_open modified buffer
---- It requires the following initialization 

---- It should fail 
........
---- It requires to reset side effect 


==== ku_action_buffer_open no ku buffer nr
---- It requires the following initialization 
...
---- It should succeed if there is a corresponding buffer 
.......
---- It should fail if there is not any corresponding buffer 
.......
---- It requires to reset side effect 
...

==== ku_action_buffer_open unmodified buffer
---- It requires the following initialization 

---- It should succeed 
.........
---- It requires to reset side effect 


==== ku_action_buffer_open_x modified buffer
---- It requires the following initialization 

---- It should succeed 
..........
---- It requires to reset side effect 


==== ku_action_buffer_open_x unmodified buffer
---- It requires the following initialization 

---- It should succeed 
.........
---- It requires to reset side effect 


==== ku_action_buffer_unload modified buffer
---- It requires the following initialization 

---- It should fail 
........
---- It requires to reset side effect 


==== ku_action_buffer_unload unmodified buffer
---- It requires the following initialization 

---- It should succeed 
..........
---- It requires to reset side effect 


==== ku_action_buffer_wipeout modified buffer
---- It requires the following initialization 

---- It should fail 
........
---- It requires to reset side effect 


==== ku_action_buffer_wipeout unmodified buffer
---- It requires the following initialization 

---- It should succeed 
..........
---- It requires to reset side effect 


==== s_bufnr_from_candidate ku buffer nr
---- It should return a:candidate.ku_buffer_nr as is 
.

==== s_bufnr_from_candidate no ku buffer nr
---- It requires the following initialization 
...
---- It should return the bufnr of a buffer corresponding to a:candidate.word 
...
---- It requires to reset side effect 
...



**** Result ****


136 examples, 0 failures
