==== exjumplist_go_first 
---- It requires the following initialization 
...
---- It should go to the first position in jumplist 
...

==== exjumplist_go_last 
---- It requires the following initialization 
...
---- It should go to the last position in jumplist 
...

==== s_jumplist_info at first
---- It should return valid values 
...
---- It should return valid values after <C-o> 
..
---- It should return valid values after <C-i> 
..

==== s_jumplist_info at last
---- It should return valid values 
...
---- It should return valid values after <C-o> 
..
---- It should return valid values after <C-i> 
....
---- It should return valid values after one more <C-i> 
....

==== s_jumplist_info at middle
---- It should return valid values 
...
---- It should return valid values after <C-o> 
..
---- It should return valid values after <C-i> 
....



**** Result ****


41 examples, 0 failures
