Testing vim-melissa: melissac =================================================
<compile-vise>-----------------------------------------------------------------
<define-vise-syntax>-----------------------------------------------------------
<generate-vim-script>----------------------------------------------------------
<translate-melissa-expr>-------------------------------------------------------
<vise-macroexpand>-------------------------------------------------------------
<vise-macroexpand1>------------------------------------------------------------
passed.
