Testing vim-melissa: melissac =================================================
<compile-vise>-----------------------------------------------------------------
<define-vise-syntax>-----------------------------------------------------------
<ex-command-expr?>-------------------------------------------------------------
test number, expects #f ==> ok
test string, expects #f ==> ok
test symbol, expects #f ==> ok
test keyword, expects #f ==> ok
test (symbol . something), expects #f ==> ok
test (symbol), expects #f ==> ok
test (symbol something), expects #f ==> ok
test (:keyword . something), expects #f ==> ok
test (:keyword), expects #t ==> ok
test (:keyword something), expects #t ==> ok
<generate-vim-script>----------------------------------------------------------
<translate-melissa-expr>-------------------------------------------------------
test number, expects 1 ==> ok
test string, expects "string" ==> ok
test symbol, expects symbol ==> ok
test keyword, expects :keyword ==> ok
test (symbol . something), expects (symbol . something) ==> ok
test (symbol), expects (symbol) ==> ok
test (symbol something), expects (symbol something) ==> ok
test (:keyword . something), expects (:keyword . something) ==> ok
test (:keyword), expects (generate-vim-script '(:keyword)) ==> ok
test (:keyword something), expects (generate-vim-script '(:keyword something)) ==> ok
<vise-macroexpand>-------------------------------------------------------------
<vise-macroexpand1>------------------------------------------------------------
passed.
