ordinary-alias = foo bar baz
home-directory-notation = HOME/...
strange-home-directory-notation = HOME = ~
inline-shell-script = "!$SHELL -c ' \
	\" \
	\\ \
	'\\'' \
' __dummy__"
not-an-inline-shell-script = <<< white album >>>
home-directory-notation-not-expanded-in-inline-shell-script = "!$SHELL -c ' \
	= ~ \
' __dummy__"
