===== "ku#action#common#Bottom()"
Result: 0 / 0

===== "ku#action#common#Left()"
Result: 0 / 0

===== "ku#action#common#Right()"
Result: 0 / 0

===== "ku#action#common#Top()"
Result: 0 / 0

===== "ku#action#common#above()"
Result: 0 / 0

===== "ku#action#common#below()"
Result: 0 / 0

===== "ku#action#common#cancel()"
Result: 0 / 0

===== "ku#action#common#cd()"
Result: 0 / 0

===== "ku#action#common#default()"
Result: 0 / 0

===== "ku#action#common#ex()"
Result: 0 / 0

===== "ku#action#common#lcd()"
Result: 0 / 0

===== "ku#action#common#left()"
Result: 0 / 0

===== "ku#action#common#open()"
Result: 0 / 0

===== "ku#action#common#right()"
Result: 0 / 0

===== "ku#action#common#select()"
Result: 0 / 0

===== "ku#action#common#tab#Left()"
Result: 0 / 0

===== "ku#action#common#tab#Right()"
Result: 0 / 0

===== "ku#action#common#tab#left()"
Result: 0 / 0

===== "ku#action#common#tab#right()"
Result: 0 / 0

===== Total
Result: 0 / 0
