===== "ku#action#common#Bottom()"
Result: 0 / 0

===== "ku#action#common#Left()"
Result: 0 / 0

===== "ku#action#common#Right()"
Result: 0 / 0

===== "ku#action#common#Top()"
Result: 0 / 0

===== "ku#action#common#above()"
Result: 0 / 0

===== "ku#action#common#below()"
Result: 0 / 0

===== "ku#action#common#cancel()"
TEST: ku#action#common#cancel({})  ==>  0 ... ok
Result: 1 / 1

===== "ku#action#common#cd()"
TEST: ku#action#common#cd({'word': 'vim'})  ==>  0 ... ok
TEST: getcwd()  ==>  cwd_before . '/vim' ... ok
TEST: ku#action#common#cd({'word': 'dot.vim/autoload/ku.vim'})  ==>  0 ... ok
TEST: getcwd()  ==>  cwd_before . '/vim/dot.vim/autoload' ... ok
TEST: ku#action#common#cd({'word': 'project/rail-gun'}) isnot 0  ==>  1 ... ok
E472: Command failed
TEST: getcwd()  ==>  cwd_before . '/vim/dot.vim/autoload' ... ok
TEST: ku#action#common#cd({'word': 'ku/rail-gun'})  ==>  0 ... ok
TEST: getcwd()  ==>  cwd_before . '/vim/dot.vim/autoload/ku' ... ok
TEST: getcwd()  ==>  cwd_before ... ok
Result: 9 / 9

===== "ku#action#common#default()"
Result: 0 / 0

===== "ku#action#common#ex()"
TEST: ku#action#common#ex({'word': 'vim'})  ==>  0 ... ok
TEST: nr2char(getchar(0))  ==>  ':' ... ok
TEST: nr2char(getchar(0))  ==>  ' ' ... ok
TEST: nr2char(getchar(0))  ==>  'v' ... ok
TEST: nr2char(getchar(0))  ==>  'i' ... ok
TEST: nr2char(getchar(0))  ==>  'm' ... ok
TEST: nr2char(getchar(0))  ==>  "\<C-b>" ... ok
TEST: nr2char(getchar(0))  ==>  '' ... ok
TEST: ku#action#common#ex({'word': 'v i'})  ==>  0 ... ok
TEST: nr2char(getchar(0))  ==>  ':' ... ok
TEST: nr2char(getchar(0))  ==>  ' ' ... ok
TEST: nr2char(getchar(0))  ==>  'v' ... ok
TEST: nr2char(getchar(0))  ==>  "\\" ... ok
TEST: nr2char(getchar(0))  ==>  ' ' ... ok
TEST: nr2char(getchar(0))  ==>  'i' ... ok
TEST: nr2char(getchar(0))  ==>  "\<C-b>" ... ok
TEST: nr2char(getchar(0))  ==>  '' ... ok
Result: 17 / 17

===== "ku#action#common#lcd()"
TEST: ku#action#common#lcd({'word': 'vim'})  ==>  0 ... ok
TEST: getcwd()  ==>  cwd_before . '/vim' ... ok
TEST: getcwd()  ==>  cwd_before ... ok
TEST: ku#action#common#lcd({'word': 'dot.vim/autoload/ku.vim'})  ==>  0 ... ok
TEST: getcwd()  ==>  cwd_before . '/vim/dot.vim/autoload' ... ok
TEST: getcwd()  ==>  cwd_before ... ok
TEST: ku#action#common#lcd({'word': 'project/rail-gun'}) isnot 0  ==>  1 ... ok
E472: Command failed
TEST: getcwd()  ==>  cwd_before . '/vim/dot.vim/autoload' ... ok
TEST: getcwd()  ==>  cwd_before ... ok
TEST: ku#action#common#lcd({'word': 'ku/rail-gun'})  ==>  0 ... ok
TEST: getcwd()  ==>  cwd_before . '/vim/dot.vim/autoload/ku' ... ok
TEST: getcwd()  ==>  cwd_before ... ok
TEST: getcwd()  ==>  cwd_before ... ok
Result: 13 / 13

===== "ku#action#common#left()"
Result: 0 / 0

===== "ku#action#common#open()"
TEST: ku#action#common#open({}) isnot 0  ==>  1 ... ok
Result: 1 / 1

===== "ku#action#common#right()"
Result: 0 / 0

===== "ku#action#common#select()"
Result: 0 / 0

===== "ku#action#common#tab#Left()"
Result: 0 / 0

===== "ku#action#common#tab#Right()"
Result: 0 / 0

===== "ku#action#common#tab#left()"
Result: 0 / 0

===== "ku#action#common#tab#right()"
Result: 0 / 0

===== Total
Result: 41 / 41
