===== "ku#available_source_names()"
TEST: ku#available_sources()  ==>  {} ... ok
TEST: ku#available_source_names()  ==>  [] ... ok
TEST: ku#define_source({'gather-items': F, 'name': 'test'})  ==>  1 ... ok
TEST: ku#available_sources()['test']  ==>  {'gather-items': F, 'name': 'test'} ... ok
TEST: ku#available_source_names()  ==>  ['test'] ... ok
TEST: ku#define_source({'gather-items': G, 'name': 'test'})  ==>  1 ... ok
TEST: ku#available_sources()['test']  ==>  {'gather-items': G, 'name': 'test'} ... ok
TEST: ku#available_source_names()  ==>  ['test'] ... ok
TEST: ku#define_source({'gather-items': F, 'name': 'abc'})  ==>  1 ... ok
TEST: ku#available_sources()['abc']  ==>  {'gather-items': F, 'name': 'abc'} ... ok
TEST: ku#available_source_names()  ==>  ['abc', 'test'] ... ok
Result: 11 / 11

===== "ku#available_source_p()"
TEST: ku#available_sources()  ==>  {} ... ok
TEST: ku#available_source_names()  ==>  [] ... ok
TEST: ku#available_source_p('test')  ==>  0 ... ok
TEST: ku#available_source_p('abc')  ==>  0 ... ok
TEST: ku#available_source_p('NoSuchSource')  ==>  0 ... ok
TEST: ku#define_source({'gather-items': F, 'name': 'test'})  ==>  1 ... ok
TEST: ku#available_sources()['test']  ==>  {'gather-items': F, 'name': 'test'} ... ok
TEST: ku#available_source_names()  ==>  ['test'] ... ok
TEST: ku#available_source_p('test')  ==>  1 ... ok
TEST: ku#available_source_p('abc')  ==>  0 ... ok
TEST: ku#available_source_p('NoSuchSource')  ==>  0 ... ok
TEST: ku#define_source({'gather-items': G, 'name': 'test'})  ==>  1 ... ok
TEST: ku#available_sources()['test']  ==>  {'gather-items': G, 'name': 'test'} ... ok
TEST: ku#available_source_names()  ==>  ['test'] ... ok
TEST: ku#available_source_p('test')  ==>  1 ... ok
TEST: ku#available_source_p('abc')  ==>  0 ... ok
TEST: ku#available_source_p('NoSuchSource')  ==>  0 ... ok
TEST: ku#define_source({'gather-items': F, 'name': 'abc'})  ==>  1 ... ok
TEST: ku#available_sources()['abc']  ==>  {'gather-items': F, 'name': 'abc'} ... ok
TEST: ku#available_source_names()  ==>  ['abc', 'test'] ... ok
TEST: ku#available_source_p('test')  ==>  1 ... ok
TEST: ku#available_source_p('abc')  ==>  1 ... ok
TEST: ku#available_source_p('NoSuchSource')  ==>  0 ... ok
Result: 23 / 23

===== "ku#available_sources()"
TEST: ku#available_sources()  ==>  {} ... ok
TEST: ku#available_sources()  ==>  Ref('available_sources') ... ok
Error detected while processing function <SNR>42_cmd_Test..<SNR>43_test_ku_available_sources..ku#define_source..<SNR>44_valid_key_p:
line    2:
Invalild source: Without key 'gather-items'
TEST: ku#define_source({})  ==>  0 ... ok
line   12:
Invalild source: Key 'gather-items' must be function but given value is 0
TEST: ku#define_source({'gather-items': 0, 'name': 0})  ==>  0 ... ok
Invalild source: Key 'gather-items' must be function but given value is 0
TEST: ku#define_source({'gather-items': 0, 'name': 'test'})  ==>  0 ... ok
Invalild source: Key 'name' must be string but given value is 0
TEST: ku#define_source({'gather-items': F, 'name': 0})  ==>  0 ... ok
TEST: ku#available_sources()  ==>  {} ... ok
TEST: ku#available_sources()  ==>  Ref('available_sources') ... ok
TEST: ku#define_source({'gather-items': F, 'name': 'test'})  ==>  1 ... ok
TEST: ku#available_sources()['test']  ==>  {'gather-items': F, 'name': 'test'} ... ok
TEST: ku#available_sources()  ==>  Ref('available_sources') ... ok
TEST: ku#define_source({'gather-items': G, 'name': 'test'})  ==>  1 ... ok
TEST: ku#available_sources()['test']  ==>  {'gather-items': G, 'name': 'test'} ... ok
TEST: ku#available_sources()  ==>  Ref('available_sources') ... ok
Result: 14 / 14

===== "ku#define_default_key_mappings()"
Result: 0 / 0

===== "ku#define_source()"
TEST: Ref('available_sources')  ==>  {} ... ok
Error detected while processing function <SNR>42_cmd_Test..<SNR>43_test_ku_define_source..ku#define_source..<SNR>44_valid_key_p:
line    2:
Invalild source: Without key 'gather-items'
TEST: ku#define_source({})  ==>  0 ... ok
line   12:
Invalild source: Key 'gather-items' must be function but given value is 0
TEST: ku#define_source({'gather-items': 0, 'name': 0})  ==>  0 ... ok
Invalild source: Key 'gather-items' must be function but given value is 0
TEST: ku#define_source({'gather-items': 0, 'name': 'test'})  ==>  0 ... ok
Invalild source: Key 'name' must be string but given value is 0
TEST: ku#define_source({'gather-items': F, 'name': 0})  ==>  0 ... ok
TEST: Ref('available_sources')  ==>  {} ... ok
TEST: ku#define_source({'gather-items': F, 'name': 'test'})  ==>  1 ... ok
TEST: Ref('available_sources')['test']  ==>  {'gather-items': F, 'name': 'test'} ... ok
TEST: ku#define_source({'gather-items': G, 'name': 'test'})  ==>  1 ... ok
TEST: Ref('available_sources')['test']  ==>  {'gather-items': G, 'name': 'test'} ... ok
Result: 10 / 10

===== "s:get_key()"
Result: 0 / 0

===== "s:ku_active_p()"
TEST: Call('s:ku_active_p')  ==>  0 ... ok
Result: 1 / 1

===== "s:new_session()"
TEST: ku#define_source({'gather-items': F, 'name': 'abc'})  ==>  1 ... ok
TEST: ku#define_source({'gather-items': G, 'name': 'test'})  ==>  1 ... ok
TEST: ku#available_sources()['abc']  ==>  {'gather-items': F, 'name': 'abc'} ... ok
TEST: ku#available_sources()['test']  ==>  {'gather-items': G, 'name': 'test'} ... ok
TEST: ku#available_source_names()  ==>  ['abc', 'test'] ... ok
TEST: has_key(session_a, 'id')  ==>  1 ... ok
TEST: session_a.original_completeopt  ==>  original_completeopt ... ok
TEST: session_a.original_curwinnr  ==>  original_curwinnr ... ok
TEST: session_a.original_winrestcmd  ==>  original_winrestcmd ... ok
TEST: session_a.sources  ==>  [] ... ok
TEST: has_key(session_b, 'id')  ==>  1 ... ok
TEST: session_b.original_completeopt  ==>  original_completeopt ... ok
TEST: session_b.original_curwinnr  ==>  original_curwinnr ... ok
TEST: session_b.original_winrestcmd  ==>  original_winrestcmd ... ok
TEST: session_b.sources  ==>  [] ... ok
TEST: session_b.id isnot session_a.id  ==>  1 ... ok
TEST: has_key(session, 'id')  ==>  1 ... ok
TEST: session.original_completeopt  ==>  original_completeopt ... ok
TEST: session.original_curwinnr  ==>  original_curwinnr ... ok
TEST: session.original_winrestcmd  ==>  original_winrestcmd ... ok
TEST: session.sources  ==>  [   ku#available_sources()['test'],   ku#available_sources()['abc'] ] ... ok
Result: 21 / 21

===== "s:on_CursorMovedI()"
Result: 0 / 0

===== "s:on_InsertEnter()"
Result: 0 / 0

===== "s:quit_session()"
Result: 0 / 0

===== "s:valid_key_p()"
Error detected while processing function <SNR>42_cmd_Test..<SNR>43_test_s_valid_key_p..Call..<SNR>44_valid_key_p:
line    2:
Invalild source: Without key '8bit'
TEST: Call('s:valid_key_p', {}, '8bit', 0)  ==>  0 ... ok
Invalild source: Without key 0
TEST: Call('s:valid_key_p', {'8bit': 'rave'}, 0, 'string')  ==>  0 ... ok
TEST: Call('s:valid_key_p', {'8bit': 'rave'}, '8bit', 'string')  ==>  1 ... ok
Result: 3 / 3

===== Total
Result: 83 / 83
