===== "s:custom_action_1()"
TEST: Ref('custom_kind_action_tables')  ==>  {} ... ok
TEST: Call('s:custom_kind_action_table', 'file')  ==>  {} ... ok
TEST: Call('s:custom_action_1', 'file', 'ai', function('len'))  ==>  0 ... ok
TEST: Call('s:custom_kind_action_table', 'file')  ==>  {'ai': function('len')} ... ok
TEST: Ref('custom_kind_action_tables')  ==>  {'file': {'ai': function('len')}} ... ok
TEST: Call('s:custom_action_1', 'file', 'ai', function('get'))  ==>  function('len') ... ok
TEST: Call('s:custom_kind_action_table', 'file')  ==>  {'ai': function('get')} ... ok
TEST: Ref('custom_kind_action_tables')  ==>  {'file': {'ai': function('get')}} ... ok
TEST: Ref('custom_kind_action_tables')  ==>  {} ... ok
Result: 9 / 9

===== "s:custom_action_2()"
TEST: Ref('custom_kind_action_tables')  ==>  {} ... ok
TEST: Ref('available_kinds')  ==>  {} ... ok
Error detected while processing function <SNR>43_cmd_Test..<SNR>44_test_s_custom_action_2..Call..<SNR>45_custom_action_2:
line    6:
Kind 'kind2' is not defined.
TEST: Call('s:custom_action_2', 'file', 'name1', 'kind2', 'name2')  ==>  0 ... ok
TEST: ku#define_kind({ 'default_action_table': {'get': function('get'), 'len': function('len')}, 'default_key_table': {'g': 'get'}, 'name': 'file', })  ==>  1 ... ok
line   11:
Action 'name2' is not defined for 'file'.
TEST: Call('s:custom_action_2', 'file', 'name1', 'file', 'name2')  ==>  0 ... ok
TEST: Call('s:custom_kind_action_table', 'file')  ==>  {} ... ok
TEST: Call('s:custom_action_2', 'file', 'default', 'file', 'get')  ==>  0 ... ok
TEST: Call('s:custom_kind_action_table', 'file')  ==>  {'default': function('get')} ... ok
TEST: Ref('custom_kind_action_tables')  ==>  {'file': {'default': function('get')}} ... ok
TEST: Call('s:custom_action_2', 'file', 'default', 'file', 'len')  ==>  function('get') ... ok
TEST: Call('s:custom_kind_action_table', 'file')  ==>  {'default': function('len')} ... ok
TEST: Ref('custom_kind_action_tables')  ==>  {'file': {'default': function('len')}} ... ok
TEST: Ref('custom_kind_action_tables')  ==>  {} ... ok
TEST: Ref('available_kinds')  ==>  {} ... ok
Result: 14 / 14

===== "s:custom_kind_action_table()"
TEST: Ref('custom_kind_action_tables')  ==>  {} ... ok
TEST: custom_file_action_table  ==>  {} ... ok
TEST: Ref('custom_kind_action_tables')  ==>  {'file': {}} ... ok
TEST: custom_file_action_table is custom_file_action_table_2  ==>  1 ... ok
TEST: Ref('custom_kind_action_tables')  ==>  {'file': {}} ... ok
TEST: custom_xxxxx_action_table  ==>  {} ... ok
TEST: Ref('custom_kind_action_tables')  ==>  {'file': {}, '!@#$%': {}} ... ok
TEST: custom_xxxxx_action_table is custom_xxxxx_action_table_2  ==>  1 ... ok
TEST: Ref('custom_kind_action_tables')  ==>  {'file': {}, '!@#$%': {}} ... ok
TEST: custom_file_action_table isnot custom_xxxxx_action_table  ==>  1 ... ok
TEST: Ref('custom_kind_action_tables')  ==>  {} ... ok
Result: 11 / 11

===== "s:default_kind_action_table()"
TEST: Ref('available_kinds')  ==>  {} ... ok
TEST: Call('s:default_kind_action_table', 'buffer')  ==>  0 ... ok
TEST: ku#define_kind(kind_a)  ==>  1 ... ok
TEST: Call('s:default_kind_action_table', 'buffer')  ==>  {'close': function('type')} ... ok
TEST: Call('s:default_kind_action_table', 'buffer') is kind_a.default_action_table  ==>  1 ... ok
TEST: Ref('available_kinds')  ==>  {} ... ok
Result: 6 / 6

===== Total
Result: 40 / 40
