==== ku_custom_actioin 
---- It requires the following initialization 
...
---- It should suceed for ordinary case with 3 arguments 
..
---- It should suceed for ordinary case with 4 arguments 
..
---- It currently accepts and ignores 5th and more extra arguments 
..
---- It should alter the script context as follows 
..

==== ku_custom_key 
---- It should succeed for kind "buffer" - valid name 
....
---- It should succeed to override existing key bindings for kind "buffer" 
....
---- It currently accepts invalid name kind "!@#$%" 
....
---- It currently overrides existing key bindings for kind "!@#$%" 
....
---- It should alter the script context as follows 
.

==== ku_define_default_ui_key_mappings 
---- It requires the following initialization to test its effect 
............
---- It should not override existing key mappings with false 
............
---- It should override existing key mappings with true 
............
---- It should affect only the current buffer when it is called 
............

==== ku_define_kind 
---- It requires the following initialization to test its effect 
.
---- It should fail for invalid kind definition 

Error detected while processing function vspec#test..<SNR>3_describe__ku_define_kind..ku#define_kind..<SNR>6_valid_key_p:
line    5:
Invalild definition: Without key 'default_action_table'.
Invalild definition: Without key 'default_key_table'.
Invalild definition: Without key 'name'.
line   17:
Invalild definition: Key 'default_action_table' must be dictionary but given value is 0.
Invalild definition: Key 'default_key_table' must be dictionary but given value is 0.
Invalild definition: Key 'name' must be string but given value is 0..
---- It should succeed for valid kind definition 
...
---- It should succeed to override existing kind definition 
..

==== ku_define_source 
---- It requires the following initialization to test its effect 
..
---- It should fail for invalid source definition 

Error detected while processing function vspec#test..<SNR>3_describe__ku_define_source..ku#define_source..<SNR>6_valid_key_p:
line    5:
Invalild definition: Without key 'gather_candidates'.
line   17:
Invalild definition: Key 'gather_candidates' must be function but given value is 0.
Invalild definition: Key 'gather_candidates' must be function but given value is 0.
Invalild definition: Key 'name' must be string but given value is 0...
---- It should succeed for valid source definition 
...
---- It should succeed to override existing source definition 
...
---- It should succeed for valid source definition with optional attributes 
...

==== ku_restart 

==== ku_start 
---- It requires the following information to test its effect 
...
---- It should create the ku buffer if it doesn't exist 
..................
---- It should reuse existing ku buffer 
....
---- It should recreate the ku buffer if it has been deleted 
........
---- It should succeed with {sources} 
.....
---- It should fail with invalid {sources} 

Error detected while processing function vspec#test..<SNR>3_describe__ku_start..ku#start:
line    6:
Invalid source name: 'invalid'.....
---- It should succeed with {initial-pattern} 
.......
---- It should fail while the ku buffer is active 
...
line   12:
Already active.....

==== ku_take_action 



**** Result ****


164 examples, 0 failures
