===== "s:custom_kind_key_table()"
TEST: custom_buffer_key_table  ==>  {} ... ok
TEST: Ref('custom_kind_key_tables')  ==>  {'buffer': {}} ... ok
TEST: custom_buffer_key_table is custom_buffer_key_table_2  ==>  1 ... ok
TEST: Ref('custom_kind_key_tables')  ==>  {'buffer': {}} ... ok
TEST: custom_xxxxx_key_table  ==>  {} ... ok
TEST: Ref('custom_kind_key_tables')  ==>  {'buffer': {}, '!@#$%': {}} ... ok
TEST: custom_xxxxx_key_table is custom_xxxxx_key_table_2  ==>  1 ... ok
TEST: Ref('custom_kind_key_tables')  ==>  {'buffer': {}, '!@#$%': {}} ... ok
TEST: custom_buffer_key_table isnot custom_xxxxx_key_table  ==>  1 ... ok
Result: 9 / 9

===== "s:get_key()"
TEST: typeahead  ==>  '' ... ok
TEST: Call('s:get_key')  ==>  'a' ... ok
TEST: Call('s:get_key')  ==>  "\<F1>" ... ok
TEST: Call('s:get_key')  ==>  'Sasara' ... ok
Result: 4 / 4

===== Total
Result: 13 / 13
