===== "UI: Named Key Mappings"
TEST: ku#start()  ==>  1 ... ok
TEST: nr2char(getchar(0))  ==>  'A' ... ok
TEST: nr2char(getchar(0))  ==>  '' ... ok
TEST: bufnr('') != ku_bufnr  ==>  1 ... ok
TEST: bufnr('')  ==>  original_bufnr ... ok
TEST: winrestcmd() != ku_window_layout  ==>  1 ... ok
TEST: winrestcmd()  ==>  original_window_layout ... ok
TEST: ku#start()  ==>  1 ... ok
Result: 8 / 8

===== Total
Result: 8 / 8
