==== s_custom_kind_key_table 
---- It should succeed with valid name "buffer" 
....
---- It currently accept invalid name "!@#$%" 
....
---- It should create different tables for different kinds 
.

==== s_get_key 
---- It requires that there is no character in the typeahead buffer 
.
---- It should return an ordinary key in the typeahead buffer 
.
---- It should return a special key in the typeahead buffer 
.
---- It actually returns all content in the typeahead buffer 
.



**** Result ****


13 examples, 0 failures
