==== s_context_p 
---- It should return true for {context} value 
....
---- It should return false for non-{context} value 
....

==== s_cursor_preceded_with_p in Command line mode
---- It requires the following set up. 

---- It should return true if the cursor is preceded with specified string. 
...
---- It should return false if the cursor is not preceded with specified string. 
.
---- It requires to reset side effect. 


==== s_cursor_preceded_with_p in Insert mode
---- It requires the following set up. 
...
---- It should return true if the cursor is preceded with specified string. 
.
---- It should return false if the cursor is not preceded with specified string. 
.
---- It requires to reset side effect. 


==== s_in_valid_context_p with ctype 1
---- It requires the following set up. 

---- It should return true in Insert mode. 
.
---- It should return true in ":" Command-line mode, if ctype = ':'. 
..
---- It requires to reset side effect. 


==== s_in_valid_context_p with ctype 2
---- It requires the following set up. 

---- It should return true in Insert mode. 
.
---- It should return true in "/" and "?" Command-line mode, if ctype = '/?'. 
...
---- It requires to reset side effect. 


==== s_in_valid_context_p with default context
---- It requires the following set up. 

---- It should return true in any context. 
..
---- It requires to reset side effect. 


==== smartchr_loop 
---- It requires the following set up. 

---- It should insert ' <- ' for the first time. 
.
---- It should insert ' <<< ' for the second time. 
.
---- It should insert '_' for the third time. 
.
---- It should insert '_' for the fourth time. 
.
---- It should insert ' <- ' for the fourth time. 
.
---- It requires to reset side effect. 


==== smartchr_loop with ctype
---- It requires the following set up. 

---- It should be disabled for non-"/" Command-line mode, if ctype = '/'. 
.
---- It should be enabled for "/" Command-line mode, if ctype = '/'. 
.
---- It requires to reset side effect. 


==== smartchr_loop with ctype and fallback
---- It requires the following set up. 

---- It should use "fallback" instead of literal{N} if smartchr is disabled. 
.
---- It should not use "fallback" if smartchr is enabled. 
.
---- It requires to reset side effect. 


==== smartchr_loop with empty context
---- It requires the following set up. 

---- It should insert ' <- ' for the first time. (loop #1) 
.
---- It should insert ' <<< ' for the second time. (loop #1) 
.
---- It should insert ' <- ' for the third time. (loop #2) 
.
---- It should insert ' <<< ' for the fourth time. (loop #2) 
.
---- It requires to reset side effect. 


==== smartchr_one_of in Command line mode
---- It requires the following set up. 

---- It should insert ' <- ' for the first time. 
.
---- It should insert ' <<< ' for the second time. 
.
---- It should insert '_' for the third time. 
.
---- It should insert ' <- ' for the first time. (edge case) 
.
---- It requires to reset side effect. 


==== smartchr_one_of in Insert mode
---- It requires the following set up. 

---- It should insert ' <- ' for the first time. 
.
---- It should insert ' <<< ' for the second time. 
.
---- It should insert '_' for the third time. 
.
---- It should insert ' <- _' for the fourth time. 
.
---- It requires to reset side effect. 


==== smartchr_one_of with ctype
---- It requires the following set up. 

---- It should be disabled for non-"/" Command-line mode, if ctype = '/'. 
.
---- It should be enabled for "/" Command-line mode, if ctype = '/'. 
.
---- It requires to reset side effect. 


==== smartchr_one_of with ctype and fallback
---- It requires the following set up. 

---- It should use "fallback" instead of literal{N} if smartchr is disabled. 
.
---- It should not use "fallback" if smartchr is enabled. 
.
---- It requires to reset side effect. 


==== smartchr_one_of with empty context
---- It requires the following set up. 

---- It should insert ' <- ' for the first time. 
.
---- It should insert ' <<< ' for the second time. 
.
---- It should insert '_' for the third time. 
.
---- It should insert ' <- ' for the first time. (edge case) 
.
---- It requires to reset side effect. 




**** Result ****


55 examples, 0 failures
