==== ku_sorter_default_sort 
---- It should not sort if default sorters is [] 
.
---- It requires to reset side effect 
.

==== ku_sorter_default_use 
---- It should return the defult sorters at first 
.
---- It should return the previously used sorters 
.



**** Result ****


4 examples, 0 failures
