===== "gtd#initialize() - without any content"
TEST: getline(1, '$')  ==>  [''] ... ok
TEST: getline(1, '$')  ==>  [ 'INBOX', 'NEXT ACTIONS', 'CALENDAR', 'PROJECTS', 'WAITING FOR', 'SOMEDAY', 'ARCHIVE', 'TRASH', '; vim: filetype=gtd'] ... ok
Result: 2 / 2

===== "gtd#initialize() - with some content"
TEST: getline(1, '$')  ==>  ['', 'a', 'b', 'c'] ... ok
TEST: getline(1, '$')  ==>  [ 'INBOX', 'NEXT ACTIONS', 'CALENDAR', 'PROJECTS', 'WAITING FOR', 'SOMEDAY', 'ARCHIVE', 'TRASH', '; vim: filetype=gtd'] ... ok
Result: 2 / 2

===== "gtd#status() - without any content"
TEST: getline(1, '$')  ==>  [''] ... ok
E486: Pattern not found: ^#
TEST: gtd#status()  ==>  [0, 0] ... ok
Result: 2 / 2

===== "gtd#status() - with some content"
4 more lines
TEST: getline(1, '$')  ==>  ['', '#1', 'x', '#3', '#999'] ... ok
TEST: gtd#status()  ==>  [999, 3] ... ok
Result: 2 / 2

===== Total
Result: 8 / 8
