===== "gtd#initialize() - without any content"
TEST: getline(1, '$')  ==>  [''] ... ok
TEST: getline(1, '$')  ==>  [ 'INBOX', 'NEXT ACTIONS', 'CALENDAR', 'PROJECTS', 'WAITING FOR', 'SOMEDAY', 'ARCHIVE', 'TRASH', '; vim: filetype=gtd'] ... ok
Result: 2 / 2

===== "gtd#initialize() - with some content"
TEST: getline(1, '$')  ==>  ['', 'a', 'b', 'c'] ... ok
TEST: getline(1, '$')  ==>  [ 'INBOX', 'NEXT ACTIONS', 'CALENDAR', 'PROJECTS', 'WAITING FOR', 'SOMEDAY', 'ARCHIVE', 'TRASH', '; vim: filetype=gtd'] ... ok
Result: 2 / 2

===== "gtd#new_issue() - without any content"
TEST: getline(1, '$')  ==>  [''] ... ok
E486: Pattern not found: ^#
TEST: getline(1, '$')  ==>  ['', '#1 '] ... ok
Result: 2 / 2

===== "gtd#new_issue() - with some content - without INBOX marker"
TEST: getline(1, '$')  ==>  ['', '#1', 'x', '#91', '#4'] ... ok
TEST: getline(1, '$')  ==>  ['', '#92 ', '#1', 'x', '#91', '#4'] ... ok
Result: 2 / 2

===== "gtd#new_issue() - with some content - with INBOX marker"
TEST: getline(1, '$')  ==>  ['', '#1', 'x', '#91', 'INBOX', '#4'] ... ok
TEST: getline(1, '$')  ==>  ['', '#1', 'x', '#91', 'INBOX', '#92 ', '#4'] ... ok
Result: 2 / 2

===== "gtd#new_note() - without any content"
TEST: getline(1, '$')  ==>  [''] ... ok
TEST: getline(1, '$')  ==>  ['', "\t****-**-**T**:**:**", "\t\t", ''] ... ok
Result: 2 / 2

===== "gtd#new_note() - with some content - in another note"
TEST: getline(1, '$')  ==>  ['', '#1 i', 'c', '#2 ii', 'b', '#3 iii', 'a'] ... ok
17 substitutions on 4 lines
TEST: getline(1, '$')  ==>  [ '', '#* i', 'c', '#* ii', 'b', '#* iii', "\t****-**-**T**:**:**", "\t\t", '', 'a'] ... ok
Result: 2 / 2

===== "gtd#new_note() - with some content - at the header of an issue"
TEST: getline(1, '$')  ==>  ['', '#1 i', 'c', '#2 ii', 'b', '#3 iii', 'a'] ... ok
17 substitutions on 4 lines
TEST: getline(1, '$')  ==>  [ '', '#* i', 'c', '#* ii', "\t****-**-**T**:**:**", "\t\t", '', 'b', '#* iii', 'a'] ... ok
Result: 2 / 2

===== "gtd#new_note() - with some content - not in any issue"
TEST: getline(1, '$')  ==>  ['', '#1 i', 'c', '#2 ii', 'b', '#3 iii', 'a'] ... ok
17 substitutions on 4 lines
TEST: getline(1, '$')  ==>  [ '', "\t****-**-**T**:**:**", "\t\t", '', '#* i', 'c', '#* ii', 'b', '#* iii', 'a'] ... ok
Result: 2 / 2

===== "gtd#status() - without any content"
TEST: getline(1, '$')  ==>  [''] ... ok
E486: Pattern not found: ^#
TEST: gtd#status()  ==>  [0, 0] ... ok
Result: 2 / 2

===== "gtd#status() - with some content"
4 more lines
TEST: getline(1, '$')  ==>  ['', '#1', 'x', '#3', '#999'] ... ok
TEST: gtd#status()  ==>  [999, 3] ... ok
Result: 2 / 2

===== Total
Result: 22 / 22
