not found in 'runtimepath': "ftdetect/*.vim"
===== "INITIAL STATE"
TEST: getline(1, '$')  ==>  [ 'INBOX', 'NEXT ACTIONS', 'CALENDAR', 'PROJECTS', 'WAITING FOR', 'SOMEDAY', 'ARCHIVE', 'TRASH', '; vim: filetype=gtd' ] ... ok
TEST: TestSynstack(1, 1)  ==>  ['gtdSection', 'gtdSectionTitle'] ... ok
TEST: TestSynstack(2, 1)  ==>  ['gtdSection', 'gtdSectionTitle'] ... ok
TEST: TestSynstack(3, 1)  ==>  ['gtdSection', 'gtdSectionTitle'] ... ok
TEST: TestSynstack(4, 1)  ==>  ['gtdSection', 'gtdSectionTitle'] ... ok
TEST: TestSynstack(5, 1)  ==>  ['gtdSection', 'gtdSectionTitle'] ... ok
TEST: TestSynstack(6, 1)  ==>  ['gtdSection', 'gtdSectionTitle'] ... ok
TEST: TestSynstack(7, 1)  ==>  ['gtdSection', 'gtdSectionTitle'] ... ok
TEST: TestSynstack(8, 1)  ==>  ['gtdSection', 'gtdSectionTitle'] ... ok
TEST: TestSynstack(9, 1)  ==>  ['gtdComment'] ... ok
Result: 10 / 10

===== "TYPICAL CONTENT"
TEST: getline(1, '$')  ==>  texts ... ok
TEST: TestSynstack(1, 1)  ==>  ['gtdSection', 'gtdSectionTitle'] ... ok
TEST: TestSynstack(2, 1)  ==>  ['gtdSection', 'gtdIssue', 'gtdIssueTitle', 'gtdIssueId'] ... FAILED
  Actual value: ['gtdSection', 'gtdIssue', 'gtdIssueTitle']
  Expected value: ['gtdSection', 'gtdIssue', 'gtdIssueTitle', 'gtdIssueId']
TEST: TestSynstack(3, 1)  ==>  ['gtdSection', 'gtdIssue'] ... ok
TEST: TestSynstack(4, 1)  ==>  ['gtdSection', 'gtdIssue'] ... ok
TEST: TestSynstack(5, 1)  ==>  ['gtdSection', 'gtdIssue', 'gtdIssueTitle', 'gtdIssueId'] ... FAILED
  Actual value: ['gtdSection', 'gtdIssue', 'gtdIssueTitle']
  Expected value: ['gtdSection', 'gtdIssue', 'gtdIssueTitle', 'gtdIssueId']
TEST: TestSynstack(6, 1)  ==>  ['gtdSection', 'gtdIssue'] ... ok
TEST: TestSynstack(7, 1)  ==>  ['gtdSection', 'gtdIssue'] ... FAILED
  Actual value: []
  Expected value: ['gtdSection', 'gtdIssue']
TEST: TestSynstack(8, 1)  ==>  ['gtdSection', 'gtdSectionTitle'] ... ok
TEST: TestSynstack(9, 1)  ==>  ['gtdSection', 'gtdSectionTitle'] ... ok
TEST: TestSynstack(10, 1)  ==>  ['gtdSection', 'gtdIssue', 'gtdIssueTitle', 'gtdIssueId'] ... FAILED
  Actual value: ['gtdSection', 'gtdIssue', 'gtdIssueTitle']
  Expected value: ['gtdSection', 'gtdIssue', 'gtdIssueTitle', 'gtdIssueId']
TEST: TestSynstack(11, 1)  ==>  ['gtdSection', 'gtdIssue'] ... FAILED
  Actual value: []
  Expected value: ['gtdSection', 'gtdIssue']
TEST: TestSynstack(13, 1)  ==>  ['gtdSection', 'gtdSectionTitle'] ... ok
TEST: TestSynstack(14, 1)  ==>  ['gtdSection', 'gtdSectionTitle'] ... ok
TEST: TestSynstack(15, 1)  ==>  ['gtdSection', 'gtdSectionTitle'] ... ok
TEST: TestSynstack(16, 1)  ==>  ['gtdSection', 'gtdSectionTitle'] ... ok
TEST: TestSynstack(17, 1)  ==>  ['gtdSection', 'gtdSectionTitle'] ... ok
TEST: TestSynstack(18, 1)  ==>  ['gtdComment'] ... ok
TEST: TestSynstack(2, 3)  ==>  ['gtdSection', 'gtdIssue', 'gtdIssueTitle'] ... ok
TEST: TestSynstack(2, 4)  ==>  ['gtdSection', 'gtdIssue', 'gtdIssueTitle', 'gtdIssueTag'] ... ok
TEST: TestSynstack(2, 5)  ==>  ['gtdSection', 'gtdIssue', 'gtdIssueTitle', 'gtdIssueTag'] ... ok
TEST: TestSynstack(2, 6)  ==>  ['gtdSection', 'gtdIssue', 'gtdIssueTitle'] ... ok
TEST: TestSynstack(2, 15)  ==>  ['gtdSection', 'gtdIssue', 'gtdIssueTitle'] ... ok
TEST: TestSynstack(2, 16)  ==>  ['gtdSection', 'gtdIssue', 'gtdIssueTitle'] ... ok
TEST: TestSynstack(3, 2)  ==>  ['gtdSection', 'gtdIssue', 'gtdNoteDatetime'] ... ok
Result: 20 / 25

===== Total
Result: 30 / 35
